// Jest Snapshot v1, https://goo.gl/fbAQLP

exports[`config should configure defaults 1`] = `
Object {
  "dbName": "test-petstore",
  "dbPassword": "P@ssword1",
  "dbPort": 27017,
  "dbUrl": "mongodb://127.0.0.1:12345/test-petstore?ssl=false&connectTimeoutMS=5000&maxPoolSize=50",
  "dbUser": "user",
  "hasAuthDetails": true,
  "isDev": false,
  "isInMemoryDatabase": true,
  "isProd": false,
  "isTest": true,
  "port": 5555,
}
`;
